JsonContent {"id":1,"isbn":"1","title":"Thinking,Fast and Slow","author":"Daniel Kahneman","price":40.0,"createdDate":"1970-01-01T00:00:00Z","lastModifiedDate":"1970-01-01T00:00:00Z","version":1} created from com.polarbookshop.catalog.domain.Book